// Jest Snapshot v1, https://goo.gl/fbAQLP

exports[`InputRadioGroup should support hints and errors 1`] = `
<div>
  <div
    className="coop-form__row"
  >
    <fieldset
      aria-describedby="group-1-hint"
      className="coop-c-form-choice "
    >
      <legend
        className="coop-form__legend coop-c-form-choice__legend"
      >
        Radio Group with hint
      </legend>
      <p
        className="coop-form__hint"
        id="group-1-hint"
      >
        Hint message
      </p>
      <div
        className="coop-c-form-choice"
      >
        <input
          checked={false}
          className="coop-form__field coop-form__radio coop-c-form-choice__input coop-c-form-choice__input--radio-button"
          disabled={false}
          id="radio-1"
          name="radio-1"
          onChange={[Function]}
          type="radio"
          value={1}
        />
        <label
          className="coop-form__label coop-c-form-choice__label"
          htmlFor="radio-1"
        >
          Radio 1
        </label>
      </div>
      <div
        className="coop-c-form-choice"
      >
        <input
          checked={false}
          className="coop-form__field coop-form__radio coop-c-form-choice__input coop-c-form-choice__input--radio-button"
          disabled={false}
          id="radio-2"
          name="radio-2"
          onChange={[Function]}
          type="radio"
          value={2}
        />
        <label
          className="coop-form__label coop-c-form-choice__label"
          htmlFor="radio-2"
        >
          Radio 2
        </label>
      </div>
      <div
        className="coop-c-form-choice"
      >
        <input
          checked={false}
          className="coop-form__field coop-form__radio coop-c-form-choice__input coop-c-form-choice__input--radio-button"
          disabled={false}
          id="radio-3"
          name="radio-3"
          onChange={[Function]}
          type="radio"
          value={3}
        />
        <label
          className="coop-form__label coop-c-form-choice__label"
          htmlFor="radio-3"
        >
          Radio 3
        </label>
      </div>
    </fieldset>
  </div>
  <div
    className="coop-form__row"
  >
    <fieldset
      aria-describedby="group-2-hint group-2-error"
      className="coop-c-form-choice coop-form__invalid "
    >
      <legend
        className="coop-form__legend coop-c-form-choice__legend"
      >
        Radio Group with hint and error
      </legend>
      <p
        className="coop-form__hint"
        id="group-2-hint"
      >
        Hint message
      </p>
      <p
        className="coop-form__error"
        id="group-2-error"
      >
        Error message
      </p>
      <div
        className="coop-c-form-choice"
      >
        <input
          checked={false}
          className="coop-form__field coop-form__radio coop-c-form-choice__input coop-c-form-choice__input--radio-button"
          disabled={false}
          id="radio-4"
          name="radio-4"
          onChange={[Function]}
          type="radio"
          value={4}
        />
        <label
          className="coop-form__label coop-c-form-choice__label"
          htmlFor="radio-4"
        >
          Radio 4
        </label>
      </div>
      <div
        className="coop-c-form-choice"
      >
        <input
          checked={false}
          className="coop-form__field coop-form__radio coop-c-form-choice__input coop-c-form-choice__input--radio-button"
          disabled={false}
          id="radio-5"
          name="radio-5"
          onChange={[Function]}
          type="radio"
          value={5}
        />
        <label
          className="coop-form__label coop-c-form-choice__label"
          htmlFor="radio-5"
        >
          Radio 5
        </label>
      </div>
      <div
        className="coop-c-form-choice"
      >
        <input
          checked={false}
          className="coop-form__field coop-form__radio coop-c-form-choice__input coop-c-form-choice__input--radio-button"
          disabled={false}
          id="radio-6"
          name="radio-6"
          onChange={[Function]}
          type="radio"
          value={6}
        />
        <label
          className="coop-form__label coop-c-form-choice__label"
          htmlFor="radio-6"
        >
          Radio 6
        </label>
      </div>
    </fieldset>
  </div>
</div>
`;
